Object    Date     Telescope     Exposure       Comments        

Moon     14/01/92  AS 8" /F:10   0.01 sec      First tests     
Moon     22/07/92  BAO 8" /F:6   0.01 sec      Nice pictures!
Mars     07/08/92  BAO 8" /9mm   0.04 sec      Very small
Mars     22/08/92  BAO 8" /9mm                 Ugly
Mars     21/11/92  BAO 8" /9mm                 With phase, very nice
Mars     27/12/92  BAO 8" /9mm   10 x 0.01 s   Extremely good!
Mars     20/12/92  BAO 8" /9mm   10 x 0.02 s   Boring side of Mars
Mars     11/01/93  BAO 8" /9mm   7 x 0.01 s    Ugly
Mars     26/01/93  BAO 8" /9mm   ?? x 0.01 s   Rather ugly
Mars     29/01/93  BAO 8" /9mm   10 x 0.01 s   Extremely good!
Mars     16/12/94  BAO 8" /9mm   XX x 0.01 s   Nice pictures!
Mars     05/03/95  BAO 8" /      120 x 0.01 s  Very nice pictures
Mars     21/03/95  BAO 8"                      Nice pictures
Mars     29/03/95  BAO 8" /9mm   0.02 sec      Pretty, but small
Mars     08/04/95  BAO 8" /9mm   0.01 sec      Extremely good!
Mars     21/04/95  BAO 8" /9mm   14 x 0.02 s   Not particularly nice
Mars     01/05/95  BAO 8" /9mm   12 x 0.01 sec
Mars     03/06/95  BAO 8" /9mm                 Very small!
Mars     31/01/97  BAO 8" /9mm   130 x 0.01 s  Very nice, but small
Jupiter  01/03/92  BAO 8" /9mm   6 x 0.7 sec                    
Jupiter  26/03/92  BAO 8" /9mm   10 x 0.1 sec  Very nice!  
Jupiter  21/05/92  BAO 8" /9mm   10 x 0.2 sec  Very nice!
Jupiter  11/04/93  BAO 8" /9mm   9 x 0.1 sec   Very nice!
Jupiter  04/05/93  BAO 8" /9mm   10 x 0.01 s   Nice
Jupiter  25/03/94    ??        ??       
Jupiter  07/05/94  BAO 8" /9mm   10 x 0.1 sec  ok, SRP visible
Jupiter  16/07/94  BAO 8" /9mm   17 x 0.1 s    S-L attempt, bad seeing
Jupiter  19/07/94  BAO 8" /9mm   8 x 0.15 s    S-L attempt, bad seeing
Jupiter  20/07/94  BAO 8" /9mm                 S-L impacts, Finally!
Jupiter  03/06/95  BAO 8" /9mm   170 x 0.1 s   Extremely good!
Jupiter  27/07/95  BAO 8" /9mm                 Ugly
Saturn   24/06/92  BAO 8" /9mm   3 x ?? sec    
Saturn   22/07/92  BAO 8" /9mm                 Nice
Saturn   03/08/93  BAO 8" /9mm   10 x 0.1 sec  Good
Saturn   03/09/93  102 mm fluorit              Brorfelde weekend
Saturn   19/08/95  BAO 8" /9mm   22 x 0.1 sec  Very nice! Edge-on rings
Uranus   06/08/92  BAO 8" /F:6   10 x 15 sec   With moons
Uranus   23/08/92  BAO 8" /F:6   7 x 17.5 s    Titania + Oberon
Neptun   23/08/92  BAO 8" /F:6   6 x 20 s      Triton

M1       22/12/92  BAO 8" /F:6   3 x 10 m      Red filter, ++good!
M3       11/04/92  BAO 8" /F:6   20 - 30 sec   
M13      22/07/92  BAO 8" /F:6   210 sec tot   
M13      25/09/92  BAO 8" /F:6                 
M15      05/09/92  4"  SCT                     Brorf. weekend
M20      24/06/95  BAO 8" /F:6   3 x 120 sec   Bad seeing (Trifid nebula)
M27      19/06/92  BAO 8" /F:6   3 x 600 sec   Nice. Full moon! 
M27      25/09/92  BAO 8" /F:6   3 x 180 sec.  Not centered, but nice
M27      27/07/95  BAO 8" /F:6                 Attempt to make mosaic
M27      28/07/95  BAO 8" /F:6   4 x 2 x 5 min Very nice mosaic!
M42      14/01/92  AS 8" /F:10    45 sec       First Deep-sky 
M42      01/03/92  BAO 8" /F:6   30-60 sec                       
M51      ??        BAO 8" /F:6   60-120 sec    First from BAO
M51      19/05/93  BAO 8" /F:6   6 x 3 min     Nice deep exposure
M51      20/05/93  BAO 8" /F:6   4x4x3min      Very nice mosaic!
M57      06/06/92  BAO 8" /F:6                 mediocre
M57      04/09/92  4" SCT                      Brorf. weekend
M57      01/07/93  BAO 8" /F:6   4 x 200 sec   Very nice!
M57      07/05/94  BAO 8" /F:6                 Attempt to make RGB image
M57      28/07/95  BAO 8" /F:6   5 x 60 sec    Quite nice (010793 better)
M63      09/03/96  BAO 8" /F:6   1 x 300 sec   Impressive, needs more time
M64      25/04/92  BAO 8" /F:6   900 sec tot.  Could be better guided BL,SL    
M64      21/04/95  BAO 8" /F:6   5 x 200 sec   Nice in spite of clouds
M65      25/04/92  BAO 8" /F:6   860 sec tot.  Could be better guided
M66      06/04/94  BAO 8" /F:6   4 x 300 sec   Extremely good!
M74      18/09/93  BAO 8" /F:6   6 x 300 sec   Pattern from dark curr
M76      28/11/92  BAO 8" /F:6   10 x 1 min    Nice guiding
M83      11/05/94  BAO 8" /F:6   4 x 300 sec   Very ugly
M87      26/01/93  BAO 8" /F:6   10 min        With jet
M88      11/05/94  BAO 8" /F:6   3 x 300 sec   Dark current but OK
M90      11/05/94  BAO 8" /F:6   4 x 300 sec
M91      11/05/94  BAO 8" /F:6   4 x 300 sec
M94      18/04/94  BAO 8" /F:6
M95      29/03/94  BAO 8" /F:6   12 x 200 sec
M96      21/03/95  BAO 8" /F:6   6 x 200 sec
M97      09/03/96  BAO 8" /F:6   7 x 200 sec   Nice. But too much noise.
M98      03/04/94  BAO 8" /F:6   4 x 300 sec   Very nice!
M99      03/04/94  BAO 8" /F:6   3 x 300 sec   Very nice!
M99      21/04/95  BAO 8" /F:6   2 x 200 sec   Nice
M100     09/04/93  BAO 8"/F:6    8 x 300 sec   Pattern from dark curr.
M100     08/04/95  BAO 8" /F:6   6 x 200 sec   Nice picture
M101     10/11/94  BAO 8" /F:6                 Unfinished mosaic
M104     02/05/94  BAO 8" /F:6   4 x 300 sec
M108     09/03/96  BAO 8" /F:6   3 x 300 sec   Very beautiful galaxy
M109     07/05/93  BAO 8" /F:6   10 x 3 min    

Mizar    22/07/92  BAO 8" /F:6   0.?? sec
Eps Lyr  22/07/92  BAO 8" /F:6                 Almost resolved
Fg Sag.  17/09/92  BAO 8" /F:6   
Barnard  01/07/93  BAO 8" /F:6   10 sec        Barnards star
Barnard  18/09/93  BAO 8" /F:6                 Barnards star
Barnard  16/07/94  BAO 8" /F:6                 Barnards star

IC 284   17/10/94  BAO 8" /F:6   6 x 300 sec   nice galaxy, but too much moon

NGC 672  16/10/94  BAO 8" /F:6 
NGC 772  16/10/94  BAO 8" /F:6                 NGC772+770
NGC 891  03/08/93  BAO 8" /F:6   2 x 180 sec   Ugly
NGC 891  13/08/93  BAO 8" /F:6   11 x 150 sec  Ugly
NGC 891  03/10/94  BAO 8" /F:6   4 x 300 sec   Nice
NGC 891  02/11/94  BAO 8" /F:6   2x5 + 4x3 m   Beautiful!
NGC 925  17/08/93  BAO 8" /F:6   8 x 180 sec   Hot CCD? Nice cal.
NGC 1073 21/10/95  BAO 8" /F:6   6 x 300 sec   Nice - pretty object.
NGC 1514 16/01/94  BAO 8" /F:6   14 x 60 sec   
NGC 1514 16/10/94  BAO 8" /F:6                 Bright sky backgr.
NGC 1931 23/02/93  BAO 8" /F:6   3 x 5 min     Nice
NGC 2403 28/01/93  BAO 8" /F:6   3 x 10 min    Very good!
NGC 2623 02/02/95  BAO 8" /F:6   3x5 + 3x10 m  Nice
NGC 2841 17/04/94  BAO 8" /F:6   4 x 300 sec
NGC 2903 06/04/94  BAO 8" /F:6                 Extremely good!
NGC 3184 31/01/97  BAO 8" /F:6   6 x 300 sec.  Nice face-on spiral !
NGC 3185 02/02/95  BAO 8" /F:6   10 + 3x5 min  Nice picture
NGC 3185 21/03/95  BAO 8" /F:6   300 sec
NGC 3187 27/03/93  BAO 8" /F:6   2x5 + 2x10 m  Bright bkgr, but nice
NGC 3344 16/12/94  BAO 8" /F:6   6 x 5 min     Nice galaxy
NGC 3486 16/01/94  BAO 8" /F:6   8 x 300 sec
NGC 3486 13/02/94  BAO 8" /F:6   8 x 300 sec   Also very nice
NGC 3521 29/03/95  BAO 8" /F:6   
NGC 3628 08/04/95  BAO 8" /F:6   2x5x200 sec   Nice mosaic
NGC 3631 29/03/94  BAO 8" /F:6   6 x 200 sec   Nice galaxy
NGC 3642 31/01/97  BAO 8" /F:6   4 x 300 sec.  Boring. Wrong galaxy???
NGC 3726 29/03/94  BAO 8" /F:6   9 x 200 sec   Nice galaxy!
NGC 4395 01/05/95  BAO 8" /F:6   8 x 200 sec   Nice, many details
NGC 4438 09/04/94  BAO 8" /F:6 
NGC 4565 26/01/93  BAO 8" /F:6   2 x 10 min.   Guide error
Siam. tw 19/02/93  BAO 8" /F:6   30 x 15 s     (NGC 4567+68)
NGC 4725 09/04/94  BAO 8" /F:6
NGC 5248 01/05/95  BAO 8" /F:6   4 x 200 sec   Nice galaxy
NGC 5669 01/05/95  BAO 8" /F:6   6 x 200 sec   Nice picture
NGC 5701 08/04/95  BAO 8" /F:6   7 x 200 sec   Not so nice
NGC 5921 08/04/95  BAO 8" /F:6   5 x 200 sec   Very nice, many details
NGC 6015 09/03/96  BAO 8" /F:6   8 x 200 sec   Nice little galaxy
NGC 6027 23/05/93  BAO 8" /F:6   3+2x5 min     Seyf. sext, Dark curr.
NGC 6384 01/05/95  BAO 8" /F:6   1 x ??        Problems with tracking
NGC 6543 08/04/95  BAO 8" /F:6   10 x 1 min    Small, lacking details
NGC 6781 28/07/93  BAO 8" /F:6   6 x 150 sec   Really good
NGC 6804 07/08/92  BAO 8" /F:6   5+10 min.     Pretty thing
NGC 6819 07/09/96  BAO 8" /F:6   5 x 1 min     Quite nice open cluster
NGC 6826 11/07/94  BAO 8" /F:6   10 x 60 sec   Not reduced. Inconspicuos
NGC 7009 18/09/93                5 x 120 sec   Sat. neb - nice
NGC 7048 16/07/94  BAO 8" /F:6   6 x 180 sec   Not reduced
NGC 7048 19/08/95  BAO 8" /F:6   7 x 150 sec   Really nice - lots of stars
NGC 7331 06/08/92  BAO 8" /F:6   300 + 600 sec mediocre
NGC 7331 23/09/94  BAO 8" /F:6   6 x 150 sec   Very nice!
NGC 7640 17/08/93  BAO 8" /F:6   8 x 180 sec   Hot CCD? Nice gal.
NGC 7662 22/10/93  BAO 8" /F:6   10 x 60 sec   Nice picture
NGC 7217 17/10/94  BAO 8" /F:6   5 x 300 sec   Boring galaxy
NGC 7741 19/10/93  BAO 8" /F:6   4 x 3 min
NGC 7741 23/09/94  BAO 8" /F:6   4 x 150 sec   Not as good as 19/10/93
NGC 7814 22/08/92  BAO 8" /F:6                 Ugly
NGC 7814 19/08/95  BAO 8" /F:6   9 x 200 sec   Not too good.

Step.qnt 22/08/92  BAO 8" /F:6                 Ugly
Step.qnt 19/10/93  BAO 8" /F:6   7 x 3 min     Needs longer exposure
Horse    28/11/92  BAO 8" /F:6   5 x 5 min     Low contrast

AB 370   22/10/93  BAO 8"/F:6                  Attempt failed
AB 370   16/12/94  BAO 8" /F:6                 Nothing to see
AB 370   27/12/94  BAO 8" /F:6   8 x 10 min    Needs more exposuretime
AB 370   03/01/95  BAO 8" /F:6   12 x 10 min   Einstein ring just visible
AB 665   30/01/95  BAO 8" /F:6   5 + 10 min    Nothing to see whatsoever
AB 2151  27/03/93  BAO 8" /F:6   4 x 5 min     Hercules cluster
AB 2065  21/02/93  BAO 8" /F:6   5+5+10 min    Cor. Bor. Gal. cluster
Coma cl. 21/02/93  BAO 8" /F:6   3 x 5 min     Coma gal. Cluster

SN 1993J 09/04/93  BAO 8"/F:6    3 x 300 sec
SN 1993J 11/04/93  BAO 8" /F:6                 Photometry
SN 1993J 14/04/93
SN 1993J 15/04/93
SN 1993J 19/04/93  BAO 8" /F:6   12 x 150 sec  Very nice!
SN 1993J 24/04/93                              Photometry
SN 1993J 29/04/93                              Cmp. stars for phot.
SN 1993J 01/05/93                              Photometry
SN 1993J 04/05/93                              Photometry
SN 1993J 08/05/93  BAO 8" /F:6                 Photometry
SN 1993J 12/05/93  BAO 8" /F:6                 Photometry
SN 1993J 17/05/93  BAO 8" /F:6                 Photometry
SN 1993J 19/05/93  BAO 8" /F:6                 Photometry
SN 1993J 20/05/93  BAO 8" /F:6                 Photometry
SN 1993J 07/06/93                              Photometry
SN 1993J 24/06/93                              Photometry
SN 1993J 22/07/93                              Photometry
SN 1993J 28/07/93                              Photometry
SN 1993J 13/08/93  BAO 8" /F:6                 Photometry
SN 1993J 04/09/93                              Photometry
SN 1993J 22/10/93                              Photometry
SN 1993J 11/12/93                              Photometry
SN 1993J 20/12/93                              Photometry
SN 1993J 01/01/94                              Photometry
SN 1993J 16/01/94                              Photometry
SN 1993J 13/02/94  BAO 8" /F:6   6 x 300 sec   Nice picture
SN 1993J 03/04/94  BAO 8" /F:6   4 x 300 sec   Nice picture. 90 deg rot.
SN 1993J 09/03/96  BAO 8" /F:6  12 x 200 sec   Very nice, still visible
SN 1994D 25/03/94    ??        ??     
SN 1994I 09/04/94  BAO 8" /F:6   6 x 300 sec   Very nice (M51)
SN 1994I 11/04/94                              Photometry
SN 1994I 17/04/94  BAO 8" /F:6                 Photometry
